     1                          ;
     2                          ;	äwê∂î‘çÜ:B16006	éÅñº:à‰è„åcóS
     3                          ;
     4                          PRG1112	START
     5  0000: 1210 0002         	LAD	GR1,2
     6  0002: 1020 0019         	LD	GR2,X
     7  0004: 1030 001A         	LD	GR3,Y
     8  0006: 1040 001B         	LD	GR4,Z
     9  0008: 1250 001D         	LAD	GR5,=0
    10  000A: 2512              	SUBA	GR1,GR2
    11  000B: 2434              	ADDA	GR3,GR4
    12  000C: 4415              	CPA	GR1,GR5
    13  000D: 6500 0010         	JPL	JUMP1
    14  000F: 2551              	SUBA	GR5,GR1
    15  0010: 4413              JUMP1	CPA	GR1,GR3
    16  0011: 6500 0016         	JPL	JUMP2
    17  0013: 1110 001C         	ST	GR1,W
    18  0015: 8100              	RET
    19                          ;
    20  0016: 1130 001C         JUMP2	ST	GR3,W
    21  0018: 8100              	RET	
    22                          ;
    23  0019: 0003              X	DC	3
    24  001A: 0002              Y	DC	2
    25  001B: FFFE              Z	DC	-2
    26  001C: 0000              W	DS	1
        001D: 0000              =0	DC	0
    27                          	END

      0 Errors
