     1                          PRG0601 START
     2  0000: 1210 0008         	LAD	GR1,8
     3  0002: 1020 0022         LOOP	LD	GR2,='0'
     4  0004: 2421              	ADDA	GR2,GR1
     5  0005: 1120 0021         	ST	GR2,CNT
     6                          	OUT	BUF,LEN
        0007: 7001 0000       1 	PUSH    0,GR1
        0009: 7002 0000       1 	PUSH    0,GR2
        000B: 1210 0019       1 	LAD     GR1,BUF     
        000D: 1220 0018       1 	LAD     GR2,LEN     
        000F: F000 0002       1 	SVC     2
        0011: 7120            1 	POP     GR2
        0012: 7110            1 	POP     GR1
     7  0013: 2110 0023         	SUBA	GR1,=1
     8  0015: 6200 0002         	JNZ	LOOP
     9  0017: 8100              	RET
    10  0018: 0009              LEN	DC	9
    11  0019: 0043              BUF	DC	'COUNT = '
        001A: 004F
        001B: 0055
        001C: 004E
        001D: 0054
        001E: 0020
        001F: 003D
        0020: 0020
    12  0021: 0000              CNT	DS	1
        0022: 0030              ='0'	DC	'0'
        0023: 0001              =1	DC	1
    13                          	END 

      0 Errors
