     1                          ;
     2                          ;  学生番号：B16079  氏名：前田　剛志
     3                          ;
     4                          PRG1202	START
     5  0000: 1210 0026         	LAD	GR1,TABLE
     6  0002: 1220 0008         	LAD	GR2,8
     7  0004: 8000 0011         	CALL	TABLSUM
     8  0006: 1100 002E         	ST	GR0,FULL
     9  0008: 1211 0004         	LAD	GR1,4,GR1
    10  000A: 1220 0004         	LAD	GR2,4
    11  000C: 8000 0011         	CALL	TABLSUM
    12  000E: 1100 002F         	ST	GR0,HALF
    13  0010: 8100              	RET
    14  0011: 7001 0000         TABLSUM	PUSH	0,GR1
    15  0013: 7002 0000         	PUSH	0,GR2
    16  0015: 1200 0000         	LAD	GR0,0
    17  0017: 4020 0030         LOOP	CPA	GR2,=0
    18  0019: 6300 0023         	JZE	OWA
    19  001B: 2001 0000         	ADDA	GR0,0,GR1
    20  001D: 2010 0031         	ADDA	GR1,=1
    21  001F: 2020 0032         	ADDA	GR2,=-1
    22  0021: 6400 0017         	JUMP	LOOP
    23  0023: 7120              OWA	POP	GR2
    24  0024: 7110              	POP	GR1
    25  0025: 8100              	RET
    26  0026: 000C              TABLE	DC	12,-28,39,-44,50,-66,73,-85
        0027: FFE4              
        0028: 0027              
        0029: FFD4              
        002A: 0032              
        002B: FFBE              
        002C: 0049              
        002D: FFAB              
    27  002E: 0000              FULL	DS	1
    28  002F: 0000              HALF	DS	1
        0030: 0000              =0	DC	0
        0031: 0001              =1	DC	1
        0032: FFFF              =-1	DC	-1
    29                          	END

      0 Errors
