     1                          PRG0701	START
     2  0000: 8000 0007         	CALL	PRINT
     3  0002: 8000 0007         	CALL	PRINT
     4  0004: 8000 0007         	CALL	PRINT
     5  0006: 8100              	RET
     6                          ;
     7                          PRINT	OUT	MSG,LEN
        0007: 7001 0000       1 PRINT	PUSH    0,GR1
        0009: 7002 0000       1      	PUSH    0,GR2
        000B: 1210 0014       1      	LAD     GR1,MSG     
        000D: 1220 0023       1      	LAD     GR2,LEN     
        000F: F000 0002       1      	SVC     2
        0011: 7120            1      	POP     GR2
        0012: 7110            1      	POP     GR1
     8  0013: 8100              	RET
     9  0014: 0053              MSG	DC	'Subroutine Test'
        0015: 0075
        0016: 0062
        0017: 0072
        0018: 006F
        0019: 0075
        001A: 0074
        001B: 0069
        001C: 006E
        001D: 0065
        001E: 0020
        001F: 0054
        0020: 0065
        0021: 0073
        0022: 0074
    10  0023: 000F              LEN	DC	15
    11                          	END

      0 Errors
