     1                          PRG0505	START
     2  0000: 1010 0021         	LD	GR1,X
     3  0002: 1020 0022         	LD	GR2,Y
     4                          ;
     5  0004: 1411              	LD	GR1,GR1
     6  0005: 6500 0014         	JPL	PLUS
     7                          ;
     8  0007: 1422              	LD	GR2,GR2
     9  0008: 6500 000F         	JPL	MP
    10                          ;
    11  000A: 1030 0024         	LD	GR3,='D'
    12  000C: 1130 0023         	ST	GR3,Z
    13  000E: 8100              	RET
    14                          ;
    15  000F: 1030 0025         MP	LD	GR3,='C'
    16  0011: 1130 0023         	ST	GR3,Z
    17  0013: 8100              	RET
    18                          ;
    19  0014: 1422              PLUS	LD	GR2,GR2
    20  0015: 6500 001C         	JPL	PP
    21                          ;
    22  0017: 1030 0026         	LD	GR3,='B'
    23  0019: 1130 0023         	ST	GR3,Z
    24  001B: 8100              	RET
    25                          ;
    26  001C: 1030 0027         PP	LD	GR3,='A'
    27  001E: 1130 0023         	ST	GR3,Z
    28  0020: 8100              	RET
    29                          ;
    30  0021: 0000              X	DC	0
    31  0022: 0000              Y	DC	0
    32  0023: 0044              Z	DS	1
        0024: 0044              ='D'	DC	'D'
        0025: 0043              ='C'	DC	'C'
        0026: 0042              ='B'	DC	'B'
        0027: 0041              ='A'	DC	'A'
    33                          	END

      0 Errors
