     1                          PRG0504	START
     2  0000: 1210 0000         	LAD	GR1,0
     3  0002: 1220 0000         	LAD	GR2,0
     4                          ;
     5  0004: 1411              	LD	GR1,GR1
     6  0005: 6500 0010         	JPL	PLUS
     7                          ;
     8  0007: 1422              	LD	GR2,GR2
     9  0008: 6500 000D         	JPL	MP
    10                          ;
    11  000A: 1030 0019         	LD	GR3,=4
    12  000C: 8100              	RET
    13                          ;
    14  000D: 1030 001A         MP	LD	GR3,=3
    15  000F: 8100              	RET
    16                          ;
    17  0010: 1422              PLUS	LD	GR2,GR2
    18  0011: 6500 0016         	JPL	PP
    19                          ;
    20  0013: 1030 001B         	LD	GR3,=2
    21  0015: 8100              	RET
    22                          ;
    23  0016: 1030 001C         PP	LD	GR3,=1
    24  0018: 8100              	RET
        0019: 0004              =4	DC	4
        001A: 0003              =3	DC	3
        001B: 0002              =2	DC	2
        001C: 0001              =1	DC	1
    25                          	END

      0 Errors
