     1                          PRG0506	START
     2  0000: 1000 0020         	LD	GR0,X
     3  0002: 5300 0001         	SRL	GR0,1
     4  0004: 6600 0013         	JOV	OF
     5                          ;
     6                          	OUT	GUSU,LEN4
        0006: 7001 0000       1 	PUSH    0,GR1
        0008: 7002 0000       1 	PUSH    0,GR2
        000A: 1210 0026       1 	LAD     GR1,GUSU    
        000C: 1220 0021       1 	LAD     GR2,LEN4    
        000E: F000 0002       1 	SVC     2
        0010: 7120            1 	POP     GR2
        0011: 7110            1 	POP     GR1
     7  0012: 8100              	RET
     8                          ;
     9                          OF	OUT	KISU,LEN4
        0013: 7001 0000       1 OF	PUSH    0,GR1
        0015: 7002 0000       1   	PUSH    0,GR2
        0017: 1210 0022       1   	LAD     GR1,KISU    
        0019: 1220 0021       1   	LAD     GR2,LEN4    
        001B: F000 0002       1   	SVC     2
        001D: 7120            1   	POP     GR2
        001E: 7110            1   	POP     GR1
    10  001F: 8100              	RET
    11                          ;
    12  0020: 0002              X	DC	2
    13  0021: 0004              LEN4	DC	4
    14  0022: 004B              KISU	DC	'KISU'
        0023: 0049
        0024: 0053
        0025: 0055
    15  0026: 0047              GUSU	DC	'GUSU'
        0027: 0055
        0028: 0053
        0029: 0055
    16                          	END

      0 Errors
