     1                          ;
     2                          ;  学生番号：B16079  氏名：前田　剛志
     3                          ;
     4                          PRG1003	START
     5  0000: 1210 0001         	LAD	GR1,1
     6  0002: 1220 0000         	LAD	GR2,0
     7  0004: 1002 0017         	LD	GR0,TABLE,GR2
     8  0006: 4001 0017         LOOP	CPA	GR0,TABLE,GR1
     9  0008: 6300 000C         	JZE	SKIP
    10  000A: 1222 0001         	LAD	GR2,1,GR2
    11  000C: 1001 0017         SKIP	LD	GR0,TABLE,GR1
    12  000E: 1211 0001         	LAD	GR1,1,GR1
    13  0010: 4010 0020         	CPA	GR1,=8
    14  0012: 6100 0006         	JMI	LOOP
    15  0014: 1120 001F         	ST	GR2,CNT
    16  0016: 8100              	RET
    17  0017: 0001              TABLE	DC	1,0,1,0,1,0,0,0
        0018: 0000              
        0019: 0001              
        001A: 0000              
        001B: 0001              
        001C: 0000              
        001D: 0000              
        001E: 0000              
    18  001F: 0096              CNT	DS	1
        0020: 0008              =8	DC	8
    19                          	END

      0 Errors
