     1                          ;
     2                          ;  学生番号：B16079  氏名：前田　剛志
     3                          ;
     4                          PRG1002	START
     5  0000: 1210 0000         	LAD	GR1,0
     6  0002: 1001 0015         LOOP	LD	GR0,TABLE,GR1
     7  0004: 1211 0001         	LAD	GR1,1,GR1
     8  0006: 2001 0015         	ADDA	GR0,TABLE,GR1
     9  0008: 2001 0015         	ADDA	GR0,TABLE,GR1
    10  000A: 1211 0001         	LAD	GR1,1,GR1
    11  000C: 1101 0015         	ST	GR0,TABLE,GR1
    12  000E: 1211 FFFF         	LAD	GR1,-1,GR1
    13  0010: 4010 001D         	CPA	GR1,=6
    14  0012: 6100 0002         	JMI	LOOP
    15  0014: 8100              	RET
    16  0015: 0000              TABLE	DC	0,1
        0016: 0001              
    17  0017: 0001              	DS	6
        0018: 0000
        0019: 0001
        001A: 0000
        001B: 0001
        001C: 0000
        001D: 0006              =6	DC	6
    18                          	END

      0 Errors
