     1                          ;
     2                          ;  学生番号：B16079  氏名：前田　剛志
     3                          ;
     4                          PRGM2	START
     5  0000: 1010 001B         	LD	GR1,X
     6  0002: 1020 001C         	LD	GR2,Y
     7  0004: 1030 001D         	LD	GR3,Z
     8  0006: 1240 000B         	LAD	GR4,11
     9  0008: 1250 0000         	LAD	GR5,0
    10  000A: 2414              	ADDA	GR1,GR4
    11  000B: 4010 001F         	CPA	GR1,=0
    12  000D: 6500 0011         	JPL	SKIP
    13  000F: 2551              	SUBA	GR5,GR1
    14  0010: 1415              	LD	GR1,GR5
    15  0011: 2532              SKIP	SUBA	GR3,GR2
    16  0012: 4413              	CPA	GR1,GR3
    17  0013: 6100 0018         	JMI	TOBI
    18  0015: 1110 001E         	ST	GR1,W
    19  0017: 8100              	RET
    20  0018: 1130 001E         TOBI	ST	GR3,W
    21  001A: 8100              	RET
    22  001B: FFF9              X	DC	-7
    23  001C: 0009              Y	DC	9
    24  001D: 0008              Z	DC	8
    25  001E: 0000              W	DS	1
        001F: 0000              =0	DC	0
    26                          	END

      0 Errors
