     1                          ;
     2                          ;  学生番号：B16079  氏名：前田　剛志
     3                          ;
     4                          PRG1603	START
     5  0000: 1210 0000         	LAD	GR1,0
     6  0002: 1220 0000         	LAD	GR2,0
     7  0004: 1031 0019         LOOP	LD	GR3,DATA1,GR1
     8  0006: 5230 0008         	SLL	GR3,8
     9  0008: 5130 0008         	SRA	GR3,8
    10  000A: 3230 0029         	XOR	GR3,=#FFFF
    11  000C: 2030 002A         	ADDA	GR3,=1
    12  000E: 1132 0021         	ST	GR3,DATA2,GR2
    13  0010: 2010 002A         	ADDA	GR1,=1
    14  0012: 2020 002A         	ADDA	GR2,=1
    15  0014: 4010 002B         	CPA	GR1,=8
    16  0016: 6100 0004         	JMI	LOOP
    17  0018: 8100              	RET
    18  0019: 0908              DATA1	DC	#0908,#FEF7,#06FD,#F904,#08F8,#F409,#0EF9,#F0FC
        001A: FEF7              
        001B: 06FD              
        001C: F904              
        001D: 08F8              
        001E: F409              
        001F: 0EF9              
        0020: F0FC              
    19  0021: 0014              DATA2	DS	8
        0022: 1120
        0023: 0132
        0024: 7001
        0025: 0000
        0026: 7002
        0027: 0000
        0028: 1210
        0029: FFFF              =#FFFF	DC	#FFFF
        002A: 0001              =1	DC	1
        002B: 0008              =8	DC	8
    20                          	END

      0 Errors
