     1                          ;
     2                          ;  学生番号：B16079  氏名：前田　剛志
     3                          ;
     4                          PRG1501	START
     5  0000: 1010 001D         	LD	GR1,X
     6  0002: 1020 001E         	LD	GR2,Y
     7  0004: 1230 0000         	LAD	GR3,0
     8  0006: 1240 0017         	LAD	GR4,23
     9  0008: 1250 0003         	LAD	GR5,3
    10  000A: 2431              LOOP1	ADDA	GR3,GR1
    11  000B: 2040 0020         	ADDA	GR4,=-1
    12  000D: 4040 0021         	CPA	GR4,=0
    13  000F: 6500 000A         	JPL	LOOP1
    14  0011: 5120 0002         	SRA	GR2,2
    15  0013: 2532              LOOP2	SUBA	GR3,GR2
    16  0014: 2050 0020         	ADDA	GR5,=-1
    17  0016: 4050 0021         	CPA	GR5,=0
    18  0018: 6500 0013         	JPL	LOOP2
    19  001A: 1130 001F         	ST	GR3,Z
    20  001C: 8100              	RET
    21  001D: FFFD              X	DC	-3
    22  001E: 000C              Y	DC	12
    23  001F: 0000              Z	DS	1
        0020: FFFF              =-1	DC	-1
        0021: 0000              =0	DC	0
    24                          	END

      0 Errors
