     1                          ;
     2                          ;  学生番号：B16079  氏名：前田　剛志
     3                          ;
     4                          PRG1503	START
     5  0000: 1000 002B         	LD	GR0,X
     6  0002: 1210 0000         	LAD	GR1,0
     7  0004: 1220 0000         	LAD	GR2,0
     8  0006: 1031 001A         LOOP	LD	GR3,DATA1,GR1
     9  0008: 4403              	CPA	GR0,GR3
    10  0009: 6500 0011         	JPL	SKIP
    11  000B: 6300 0011         	JZE	SKIP
    12  000D: 1132 0022         	ST	GR3,DATA2,GR2
    13  000F: 2020 002C         	ADDA	GR2,=1
    14  0011: 2010 002C         SKIP	ADDA	GR1,=1
    15  0013: 4010 002D         	CPA	GR1,=8
    16  0015: 6100 0006         	JMI	LOOP
    17  0017: 1120 002A         	ST	GR2,CNT
    18  0019: 8100              	RET
    19  001A: 000F              DATA1	DC	15,-9,10,11,-22,-13,9,13
        001B: FFF7              
        001C: 000A              
        001D: 000B              
        001E: FFEA              
        001F: FFF3              
        0020: 0009              
        0021: 000D              
    20  0022: 1100              DATA2	DS	8
        0023: 0028
        0024: 8100
        0025: 003C
        0026: 003C
        0027: 0032
        0028: 0000
        0029: 003C
    21  002A: 00BE              CNT	DS	1
    22  002B: 000A              X	DC	10
        002C: 0001              =1	DC	1
        002D: 0008              =8	DC	8
    23                          	END

      0 Errors
